Microchip MPLAB XC8 Compiler V3.00

Linker command line:

-W-3 \
  --edf=C:/Users/ADMIN/.mchp_packs/Microchip/PIC16Fxxx_DFP/1.7.162/xc8\pic\dat\20250326211330_en.msgs \
  -cn -h+dist/default/production\pic_traffic_light.X.production.sym \
  --cmf=dist/default/production\pic_traffic_light.X.production.cmf -z \
  -Q16F887 -oC:\Users\ADMIN\AppData\Local\Temp\xcAsihc.\driver_tmp_3.o \
  --defsym=__MPLAB_BUILD=1 --fixupoverflow=error \
  -Mdist/default/production/pic_traffic_light.X.production.map \
  --md=C:\Users\ADMIN\AppData\Local\Temp\xcAsihc.\driver_tmp_0.dat -E1 \
  -ver=XC8 Compiler -ACODE=00h-07FFhx4 -ASTRCODE=00h-01FFFh \
  -ASTRING=00h-0FFhx32 -ACONST=00h-0FFhx32 -AENTRY=00h-0FFhx32 \
  -ACOMMON=070h-07Fh -ABANK0=020h-06Fh -ABANK1=0A0h-0EFh \
  -ABANK2=0110h-016Fh -ABANK3=0190h-01EFh \
  -ARAM=020h-06Fh,0A0h-0EFh,0110h-016Fh,0190h-01EFh \
  -AABS1=020h-07Fh,0A0h-0EFh,0110h-016Fh,0190h-01EFh -ASFR0=00h-01Fh \
  -ASFR1=080h-09Fh -ASFR2=0100h-010Fh -ASFR3=0180h-018Fh \
  -ACONFIG=02007h-02008h -DCONFIG=2 -AIDLOC=02000h-02003h -DIDLOC=2 \
  -AEEDATA=00h-0FFh/02100h -peeprom_data=EEDATA -DEEDATA=2 -DCODE=2 \
  -DSTRCODE=2 -DSTRING=2 -DCONST=2 -DENTRY=2 \
  -preset_vec=00h,intentry=04h,sivt,init,end_init -ppowerup=CODE \
  -pcinit=CODE -pfunctab=ENTRY -k \
  C:\Users\ADMIN\AppData\Local\Temp\xcAsihc.\driver_tmp_12.o \
  dist/default/production\pic_traffic_light.X.production.o 

Object code version is 3.11

Machine type is 16F887



                Name                               Link     Load   Length Selector   Space Scale
C:\Users\ADMIN\AppData\Local\Temp\xcAsihc.\driver_tmp_12.o
                end_init                              C        C        3        8       0
                reset_vec                             0        0        3        0       0
                config                             2007     2007        2        0       4
dist/default/production\pic_traffic_light.X.production.o
                cinit                                 F        F       1B        8       0
                intentry                              4        4        8        8       0
                config                             2007     2007        2        0       4
                text13                              3E7      3E7       15        8       0
                text12                              270      270       63        8       0
                text11                              2D3      2D3       57        8       0
                text10                              40F      40F       11        8       0
                text9                               42F      42F        C      85E       0
                text8                               32A      32A       37        8       0
                text7                               18E      18E       7C        8       0
                text6                               3D0      3D0       17        8       0
                text5                               38B      38B       25        8       0
                text4                                2A       2A       DA        8       0
                text3                               104      104       8A        8       0
                text2                               361      361       2A        8       0
                text1                               3B0      3B0       20        8       0
                maintext                            20A      20A       66        8       0
                cstackBANK0                          20       20       10       20       1
                cstackCOMMON                         70       70        A       70       1
                inittext                            3FC      3FC       13        8       0
                dataBANK0                            30       30        A       20       1
                bssBANK0                             3A       3A        7       20       1
                bssCOMMON                            7A       7A        2       70       1
                strings                             420      420        F      840       0
                idataBANK0                          43B      43B        A      85E       0

TOTAL           Name                               Link     Load   Length     Space
        CLASS   CODE           
                end_init                              C        C        3         0
                cinit                                 F        F       1B         0
                intentry                              4        4        8         0
                reset_vec                             0        0        3         0
                text13                              3E7      3E7       15         0
                text12                              270      270       63         0
                text11                              2D3      2D3       57         0
                text10                              40F      40F       11         0
                text9                               42F      42F        C         0
                text8                               32A      32A       37         0
                text7                               18E      18E       7C         0
                text6                               3D0      3D0       17         0
                text5                               38B      38B       25         0
                text4                                2A       2A       DA         0
                text3                               104      104       8A         0
                text2                               361      361       2A         0
                text1                               3B0      3B0       20         0
                maintext                            20A      20A       66         0
                inittext                            3FC      3FC       13         0
                idataBANK0                          43B      43B        A         0

        CLASS   STRCODE        

        CLASS   STRING         
                strings                             420      420        F         0

        CLASS   CONST          

        CLASS   ENTRY          

        CLASS   COMMON         
                cstackCOMMON                         70       70        A         1
                bssCOMMON                            7A       7A        2         1

        CLASS   BANK0          
                cstackBANK0                          20       20       10         1
                dataBANK0                            30       30        A         1
                bssBANK0                             3A       3A        7         1

        CLASS   BANK1          

        CLASS   BANK2          

        CLASS   BANK3          

        CLASS   RAM            

        CLASS   ABS1           
                abs_s1                               7E       7E        2         1

        CLASS   SFR0           

        CLASS   SFR1           

        CLASS   SFR2           

        CLASS   SFR3           

        CLASS   CONFIG         
                config                             2007     2007        2         4

        CLASS   IDLOC          

        CLASS   EEDATA         

        CLASS   HEAP           

        CLASS   STACK          



SEGMENTS        Name                           Load    Length   Top    Selector   Space  Class     Delta

                reset_vec                      000000  000003  000003         0       0  CODE        2
                intentry                       000004  00041C  000420         8       0  CODE        2
                cstackBANK0                    000020  000021  000041        20       1  BANK0       1
                cstackCOMMON                   000070  00000C  00007C        70       1  COMMON      1
                strings                        000420  00000F  00042F       840       0  STRING      2
                text9                          00042F  000016  000445       85E       0  CODE        2


UNUSED ADDRESS RANGES

        Name                Unused          Largest block    Delta
        BANK0            0041-006F             2F           1
        BANK1            00A0-00EF             50           1
        BANK2            0110-016F             60           1
        BANK3            0190-01EF             60           1
        CODE             0003-0003              1           2
                         0445-1FFF            800
        COMMON           007C-007D              2           1
        CONST            0003-0003              1           2
                         0445-1FFF            100
        EEDATA           2100-21FF            100           2
        ENTRY            0003-0003              1           2
                         0445-1FFF            100
        IDLOC            2000-2003              4           2
        RAM              0041-006F             2F           1
                         00A0-00EF             50
                         0110-016F             60
                         0190-01EF             60
        SFR0             0000-001F             20           1
        SFR1             0080-009F             20           1
        SFR2             0100-010F             10           1
        SFR3             0180-018F             10           1
        STRCODE          0003-0003              1           2
                         0445-1FFF           1BBB
        STRING           0003-0003              1           2
                         0445-1FFF            100

                                  Symbol Table

?___awdiv                cstackCOMMON 0072
?___awmod                cstackCOMMON 0072
?___wmul                 cstackCOMMON 0072
Auto_Mode@i              cstackBANK0  002C
Auto_Mode@i_350          cstackBANK0  0026
Auto_Mode@i_351          cstackBANK0  0028
Auto_Mode@i_352          cstackBANK0  002A
Display_Numb@counter     cstackBANK0  0020
Manual_Mode@i            cstackCOMMON 0074
Manual_Mode@i_357        cstackCOMMON 0076
Midnight_Mode@i          cstackCOMMON 0074
_ANSELH                  (abs)        0189
_Auto_Mode               text4        002A
_Display_Numb            text7        018E
_GIE                     (abs)        005F
_INTCONbits              (abs)        000B
_INTE                    (abs)        005C
_INTEDG                  (abs)        040E
_ISR                     text13       03E7
_Manual_Mode             text3        0104
_Midnight_Mode           text2        0361
_OPTION_REGbits          (abs)        0081
_Opposite_State          text6        03D0
_PORTB                   (abs)        0006
_PORTC                   (abs)        0007
_PORTCbits               (abs)        0007
_PORTD                   (abs)        0008
_PORTDbits               (abs)        0008
_PORTE                   (abs)        0009
_RB4                     (abs)        0034
_RB5                     (abs)        0035
_RD0                     (abs)        0040
_RD1                     (abs)        0041
_RD2                     (abs)        0042
_RD3                     (abs)        0043
_RD4                     (abs)        0044
_RD5                     (abs)        0045
_RE0                     (abs)        0048
_TRISB                   (abs)        0086
_TRISC                   (abs)        0087
_TRISCbits               (abs)        0087
_TRISD                   (abs)        0088
_TRISDbits               (abs)        0088
_TRISE                   (abs)        0089
_WPUB0                   (abs)        04A8
_WPUB4                   (abs)        04AC
_WPUB5                   (abs)        04AD
__H__absolute__          __absolute__ 0000
__Habs1                  abs1         0000
__Hbank0                 bank0        0000
__Hbank1                 bank1        0000
__Hbank2                 bank2        0000
__Hbank3                 bank3        0000
__HbssBANK0              bssBANK0     0000
__HbssCOMMON             bssCOMMON    0000
__Hcinit                 cinit        002A
__Hclrtext               clrtext      0000
__Hcode                  code         0000
__Hcommon                common       0000
__Hconfig                config       2009
__HcstackBANK0           cstackBANK0  0000
__HcstackCOMMON          cstackCOMMON 0000
__HdataBANK0             dataBANK0    0000
__Heeprom_data           eeprom_data  0000
__Hend_init              end_init     000F
__Hfunctab               functab      0000
__Hheap                  heap         0000
__HidataBANK0            idataBANK0   0000
__Hinit                  init         000C
__Hinittext              inittext     0000
__Hintentry              intentry     000C
__Hmaintext              maintext     0000
__Hpowerup               powerup      0000
__Hram                   ram          0000
__Hreset_vec             reset_vec    0003
__Hsfr0                  sfr0         0000
__Hsfr1                  sfr1         0000
__Hsfr2                  sfr2         0000
__Hsfr3                  sfr3         0000
__Hsivt                  sivt         000C
__Hspace_0               (abs)        0445
__Hspace_1               (abs)        007C
__Hspace_2               (abs)        0000
__Hspace_3               (abs)        0000
__Hspace_4               (abs)        4010
__Hstack                 stack        0000
__Hstrings               strings      0000
__Htext                  text         0000
__L__absolute__          __absolute__ 0000
__Labs1                  abs1         0000
__Lbank0                 bank0        0000
__Lbank1                 bank1        0000
__Lbank2                 bank2        0000
__Lbank3                 bank3        0000
__LbssBANK0              bssBANK0     0000
__LbssCOMMON             bssCOMMON    0000
__Lcinit                 cinit        000F
__Lclrtext               clrtext      0000
__Lcode                  code         0000
__Lcommon                common       0000
__Lconfig                config       0000
__LcstackBANK0           cstackBANK0  0000
__LcstackCOMMON          cstackCOMMON 0000
__LdataBANK0             dataBANK0    0000
__Leeprom_data           eeprom_data  0000
__Lend_init              end_init     000C
__Lfunctab               functab      0000
__Lheap                  heap         0000
__LidataBANK0            idataBANK0   0000
__Linit                  init         000C
__Linittext              inittext     0000
__Lintentry              intentry     0004
__Lmaintext              maintext     0000
__Lpowerup               powerup      0000
__Lram                   ram          0000
__Lreset_vec             reset_vec    0000
__Lsfr0                  sfr0         0000
__Lsfr1                  sfr1         0000
__Lsfr2                  sfr2         0000
__Lsfr3                  sfr3         0000
__Lsivt                  sivt         000C
__Lspace_0               (abs)        0000
__Lspace_1               (abs)        0000
__Lspace_2               (abs)        0000
__Lspace_3               (abs)        0000
__Lspace_4               (abs)        0000
__Lstack                 stack        0000
__Lstrings               strings      0000
__Ltext                  text         0000
__S0                     (abs)        0445
__S1                     (abs)        007C
__S3                     (abs)        0000
___awdiv                 text12       0270
___awdiv@counter         cstackCOMMON 0076
___awdiv@dividend        cstackCOMMON 0074
___awdiv@divisor         cstackCOMMON 0072
___awdiv@quotient        cstackCOMMON 0078
___awdiv@sign            cstackCOMMON 0077
___awmod                 text11       02D3
___awmod@counter         cstackCOMMON 0076
___awmod@dividend        cstackCOMMON 0074
___awmod@divisor         cstackCOMMON 0072
___awmod@sign            cstackCOMMON 0077
___heap_hi               (abs)        0000
___heap_lo               (abs)        0000
___int_sp                stack        0000
___int_stack_hi          stack        0000
___int_stack_lo          stack        0000
___latbits               (abs)        0002
___sp                    stack        0000
___stack_hi              stack        0000
___stack_lo              stack        0000
___stackhi               (abs)        0000
___stacklo               (abs)        0000
___wmul                  text5        038B
___wmul@multiplicand     cstackCOMMON 0074
___wmul@multiplier       cstackCOMMON 0072
___wmul@product          cstackCOMMON 0076
__end_of_Auto_Mode       text4        0104
__end_of_Display_Numb    text7        020A
__end_of_ISR             text13       03FC
__end_of_Manual_Mode     text3        018E
__end_of_Midnight_Mode   text2        038B
__end_of_Opposite_State  text6        03E7
__end_of_ROAD1_TIME      strings      042C
__end_of_ROAD2_TIME      strings      042A
__end_of_YELLOW_TIME     strings      0428
__end_of___awdiv         text12       02D3
__end_of___awmod         text11       032A
__end_of___wmul          text5        03B0
__end_of__initialization cinit        0026
__end_of__stringtab      strings      0426
__end_of_clock_signal    text10       0420
__end_of_latch_enable    text9        043B
__end_of_main            maintext     0270
__end_of_send_data       text8        0361
__end_of_setup           text1        03D0
__initialization         cinit        000F
__pbssBANK0              bssBANK0     003A
__pbssCOMMON             bssCOMMON    007A
__pcstackBANK0           cstackBANK0  0020
__pcstackCOMMON          cstackCOMMON 0070
__pdataBANK0             dataBANK0    0030
__pidataBANK0            idataBANK0   043B
__pintentry              intentry     0004
__pmaintext              maintext     020A
__pstrings               strings      0420
__ptext1                 text1        03B0
__ptext10                text10       040F
__ptext11                text11       02D3
__ptext12                text12       0270
__ptext13                text13       03E7
__ptext2                 text2        0361
__ptext3                 text3        0104
__ptext4                 text4        002A
__ptext5                 text5        038B
__ptext6                 text6        03D0
__ptext7                 text7        018E
__ptext8                 text8        032A
__ptext9                 text9        042F
__stringbase             strings      0425
__stringtab              strings      0420
_a                       bssBANK0     003C
_b                       bssBANK0     003A
_binary_pattern          dataBANK0    0030
_clock_signal            text10       040F
_exitsign                bssBANK0     0040
_latch_enable            text9        042F
_main                    maintext     020A
_mode                    bssCOMMON    007A
_send_data               text8        032A
_setup                   text1        03B0
_turn                    bssCOMMON    007B
btemp                    (abs)        007E
end_of_initialization    cinit        0026
init_fetch0              inittext     03FC
init_ram0                inittext     0400
interrupt_function       intentry     0004
intlevel0                functab      0000
intlevel1                functab      0000
intlevel2                functab      0000
intlevel3                functab      0000
intlevel4                functab      0000
intlevel5                functab      0000
reset_vec                reset_vec    0000
saved_w                  (abs)        007E
send_data@data_out       cstackCOMMON 0073
send_data@i              cstackCOMMON 0078
start                    init         000C
start_initialization     cinit        000F
wtemp0                   (abs)        007E


MODULE INFORMATION

Module		Function		Class		Link	Load	Size
traffic.c
		_Auto_Mode     		CODE           	002A	0000	218
		_Midnight_Mode 		CODE           	0361	0000	42
		_Opposite_State		CODE           	03D0	0000	23
		_Manual_Mode   		CODE           	0104	0000	138

traffic.c estimated size: 421

74hc595.c
		_clock_signal  		CODE           	040F	0000	17
		_send_data     		CODE           	032A	0000	55
		_Display_Numb  		CODE           	018E	0000	124
		_latch_enable  		CODE           	042F	0000	12

74hc595.c estimated size: 208

C:\Program Files\Microchip\xc8\v3.00\pic\sources\c99\common\Umul16.c
		___wmul        		CODE           	038B	0000	37

C:\Program Files\Microchip\xc8\v3.00\pic\sources\c99\common\Umul16.c estimated size: 37

C:\Program Files\Microchip\xc8\v3.00\pic\sources\c99\common\awmod.c
		___awmod       		CODE           	02D3	0000	87

C:\Program Files\Microchip\xc8\v3.00\pic\sources\c99\common\awmod.c estimated size: 87

shared
		__stringtab    		STRING         	0420	0000	6
		_ROAD1_TIME    		STRING         	0000	0000	0
		_YELLOW_TIME   		STRING         	0000	0000	0
		_ROAD2_TIME    		STRING         	0000	0000	0
		__initialization		CODE           	000F	0000	23

shared estimated size: 29

C:\Program Files\Microchip\xc8\v3.00\pic\sources\c99\common\awdiv.c
		___awdiv       		CODE           	0270	0000	99

C:\Program Files\Microchip\xc8\v3.00\pic\sources\c99\common\awdiv.c estimated size: 99

main.c
		_ISR           		CODE           	03E7	0000	21
		_main          		CODE           	020A	0000	102
		_setup         		CODE           	03B0	0000	32

main.c estimated size: 155

